// Jest Snapshot v1, https://goo.gl/fbAQLP

exports[`Block Detail 1`] = `
<div
  className="sc-bdVaJa iTKrmw"
>
  {
  <br />
  <div
    className="sc-bwzfXH cKLoJe"
  >
    previous: 
    0015ef8791afd56684c335a22703477680973404b27b8a08853bed31c059c40c
    ,
  </div>
  <div
    className="sc-bwzfXH cKLoJe"
  >
    timestamp: 
    2018-05-17T04:34:36.500
    ,
  </div>
  <div
    className="sc-bwzfXH cKLoJe"
  >
    transaction_mroot: 
    411f319c4b1d68df231455b933d00e9c9231534e6b7d45826ea86d3b4dd12289
    ,
  </div>
  <div
    className="sc-bwzfXH cKLoJe"
  >
    action_mroot: 
    9a19514d4a7aa1345bd7ba7f48710734950bcfd7cf15a6261f378841e3cb73bf
    ,
  </div>
  <div
    className="sc-bwzfXH cKLoJe"
  >
    block_mroot: 
    09322ac92d6030e017221d74020e5b09f3d53c2d37ab58d9fa429ae5c982c3c3
    ,
  </div>
  <div
    className="sc-bwzfXH cKLoJe"
  >
    producer: 
    eosio
    ,
  </div>
  <div
    className="sc-bwzfXH cKLoJe"
  >
    schedule_version: 
    0
    ,
  </div>
  <div
    className="sc-bwzfXH cKLoJe"
  >
    producer_signature: 
    SIG_K1_KAscgo6hWs3R3iyEMNY1dGWzyMbZ49QUk7rybTc4Tzrbrkam3za81i7gMkXuQYXUYNf8Lha5t4pC3f5muG3ocUZqPcJooa
    ,
  </div>
  <div
    className="sc-bwzfXH cKLoJe"
  >
    input_transactions: [ 
     ],
  </div>
  <div
    className="sc-bwzfXH cKLoJe"
  >
    id: 
    0015ef887c1badff4d207fc03af2ceb78f935ba380e45b71b601901ddb7e508d
    ,
  </div>
  <div
    className="sc-bwzfXH cKLoJe"
  >
    block_num: 
    1437576
    ,
  </div>
  <div
    className="sc-bwzfXH cKLoJe"
  >
    ref_block_prefix: 
    3229556813
    ,
  </div>
  }
</div>
`;
